# cwd=/Users/sac/ggen_igniter head=a40469710bf29b049b26a6a96a8bdf6a2b411493 started=2026-10-03T04:26:36Z
# cmd=git status --porcelain + sha256 of every dirty/untracked lane file (lane D8 subject manifest)
# note=subject identity: the uncommitted working tree on a404697 (lane contract forbids git writes); this manifest pins the exact bytes the qualification judged
 M .github/workflows/ci.yml
 M .tool-versions
 M HANDWRITTEN.md
 M lib/ggen_igniter/engine/graphlaw.ex
 M lib/ggen_igniter/semantic_jira/r_projection.ex
 M test/ggen_igniter_fleet_receipt_conformance_test.exs
 M test/ggen_igniter_mock_discipline_test.exs
 M test/ggen_igniter_pack_lock_test.exs
 M test/ggen_igniter_refusals_test.exs
 M test/ggen_igniter_semantic_jira_execute_test.exs
 M test/ggen_igniter_semantic_jira_r_projection_test.exs
 M test/ggen_igniter_semantic_jira_receipts_check_test.exs
 M test/ggen_igniter_semantic_jira_transition_log_concurrency_test.exs
 M test/ggen_igniter_sync_graphlaw_cli_test.exs
 M test/ggen_igniter_verify_mutation_test.exs
 M test/mix_semantic_jira_execute_task_test.exs
?? receipts/v26.10.2/
-- dirty-file sha256 --
4fa417d5ca4eec99018b3072e21e1e211ffe2a6d0bc4431c2964f43ff449606b  HEAD:.github/workflows/ci.yml
862e5a9d93151e0516cd4f7408f8c6a5a99f9d184dea72d37afcbfcc1b50b212  WT:.github/workflows/ci.yml
40ba32529fd036afc0c5168ebc8a9a2248b9c4ffaa40999a62a9ef19fa1f4811  HEAD:.tool-versions
f06756582167c992c6dab327b4a5cbb0e0341105863e0112c75cd7c0b6a63d66  WT:.tool-versions
ca30aba2c107c0f22a7c5f90cc85d9fc63dc92cdce05c97b19f252107439e0a1  HEAD:HANDWRITTEN.md
ec6ee0578d9b2e00db07a0bc34f5368959f47af02c5aef7f5f41e550da1f1c92  WT:HANDWRITTEN.md
8646b9d68b306f1bcaf38d959d73845a607ef56cf6b8545929b7bc4058e93b83  HEAD:lib/ggen_igniter/engine/graphlaw.ex
a211c26d02c880da5d12e51e9a0ac1bb76c2ce1a0a8caf0aa406f3eaea017521  WT:lib/ggen_igniter/engine/graphlaw.ex
91a0fd0b07cdd237471b1b3c1027263b84069ab1ab49463c1d679898c911f34c  HEAD:lib/ggen_igniter/semantic_jira/r_projection.ex
28fdeb24c8517914973a382af4d05ebc3e90f35a3a69a3f47570fbb17cf3b772  WT:lib/ggen_igniter/semantic_jira/r_projection.ex
3be308817576dd52af94018ccb77be20ebea0aeba8b3f648fe2c6e8ab3711de4  HEAD:test/ggen_igniter_fleet_receipt_conformance_test.exs
210f8ab5a766dabe790381fa2db2864b71775b1dc2212005ee26892fa22dd89f  WT:test/ggen_igniter_fleet_receipt_conformance_test.exs
60840f9927723c5f52d92a7bda6d6e08030915eb6af23671729bf87d8614f657  HEAD:test/ggen_igniter_mock_discipline_test.exs
362dba8560ef3da50e4ff496271508e918c0cdd72cc819dbd31f67da267b6f08  WT:test/ggen_igniter_mock_discipline_test.exs
f182a987e2f8487a66fc0807e1b1c1702dbecf70b39d6f778968ddbb10afccb7  HEAD:test/ggen_igniter_pack_lock_test.exs
03b8da258c0b896377255f782ec8a63087974d583d78af8bb9d3fb7c8e6788a7  WT:test/ggen_igniter_pack_lock_test.exs
da275c5ab034aeab5dd477c0c14178a00a00a4562b1e8f4bb11069e45a643549  HEAD:test/ggen_igniter_refusals_test.exs
47e572ca03b5ca80ea1f46c411c79bf480d94bbedc5b3658ecc024d18fa124d4  WT:test/ggen_igniter_refusals_test.exs
ed7f93f262a44e7c1f415a8d89dc7a2129664eb51a74750c6504299d701a23fe  HEAD:test/ggen_igniter_semantic_jira_execute_test.exs
eabc810cb2c1074cdc8af8bcfbb09bafc1acb1f4cb54bb0623e640222be4371d  WT:test/ggen_igniter_semantic_jira_execute_test.exs
f7926e27790259af8cf4b26d8980fe640d0c71991e6c4c7c7f1426964e3d0f64  HEAD:test/ggen_igniter_semantic_jira_r_projection_test.exs
487187493a16a6c1edcf7c88b2303d6f4237341bf3999f594104abf3890d5add  WT:test/ggen_igniter_semantic_jira_r_projection_test.exs
b1521fc904987eb52a117d104b48ffd4bd89aac623e6ef0dc00503684679516c  HEAD:test/ggen_igniter_semantic_jira_receipts_check_test.exs
2fa83743424a7e8ac39c54af55bc8165434d8a54b0161cde06f9e3018cb1734e  WT:test/ggen_igniter_semantic_jira_receipts_check_test.exs
6a20fffd801374620c55788955bfd6c3b7432d3de37ade15ed3f9979bbf04f1f  HEAD:test/ggen_igniter_semantic_jira_transition_log_concurrency_test.exs
d29c98150e8a801f4549b9d9095a883d033e2b002f12710c7696512febf255f8  WT:test/ggen_igniter_semantic_jira_transition_log_concurrency_test.exs
8a27ae49ebb377ce527b9d57311e4fce5f90ca4da502bb6826ec76fb83c783da  HEAD:test/ggen_igniter_sync_graphlaw_cli_test.exs
d683cbdf2517877cd69bf0693b6ba0acc4efad2c633755c1249249705a9e9001  WT:test/ggen_igniter_sync_graphlaw_cli_test.exs
dfbea229fd1b6928c7a71a0332d7d96c06b699aed9ed0b24d12c97bbac4c80cd  HEAD:test/ggen_igniter_verify_mutation_test.exs
ac4e563ed317b75fe69eec27f37a06fce108b7a81f0715d7c662f947b290b88b  WT:test/ggen_igniter_verify_mutation_test.exs
fe100788a487c9d809e849b0c2f3fc2fac2293f6b655af8aab9ea628cdc38b3b  HEAD:test/mix_semantic_jira_execute_task_test.exs
c3690e71d73100442bfb1d97c523b4145b3eb8fcbb9e5712e47e9800a405ec2c  WT:test/mix_semantic_jira_execute_task_test.exs
